2025-06-07 13:28:29,429 - INFO - Starting RSS monitor with 3 feeds
2025-06-07 13:28:29,430 - INFO - Keywords: All items
2025-06-07 13:28:29,430 - INFO - Check interval: 300 seconds
2025-06-07 13:28:29,757 - INFO - NEW ITEM in presented_to_president: H.J.Res.87
2025-06-07 13:28:29,757 - INFO - NEW ITEM in presented_to_president: H.J.Res.89
2025-06-07 13:28:29,758 - INFO - NEW ITEM in presented_to_president: H.J.Res.88
2025-06-07 13:28:29,758 - INFO - Found 3 new items this cycle
2025-06-07 13:28:29,759 - INFO - Sleeping for 300 seconds...
2025-06-07 13:28:50,652 - INFO - Monitor stopped by user
2025-06-07 13:28:52,072 - INFO - Starting RSS monitor with 3 feeds
2025-06-07 13:28:52,072 - INFO - Keywords: All items
2025-06-07 13:28:52,072 - INFO - Check interval: 10 seconds
2025-06-07 13:28:52,576 - INFO - Sleeping for 10 seconds...
2025-06-07 13:29:02,964 - INFO - Sleeping for 10 seconds...
2025-06-07 13:29:13,431 - INFO - Sleeping for 10 seconds...
2025-06-07 13:29:23,777 - INFO - Sleeping for 10 seconds...
2025-06-07 13:29:34,152 - INFO - Sleeping for 10 seconds...
2025-06-07 13:29:44,519 - INFO - Sleeping for 10 seconds...
2025-06-07 13:29:54,859 - INFO - Sleeping for 10 seconds...
2025-06-07 13:30:05,239 - INFO - Sleeping for 10 seconds...
2025-06-07 13:30:15,606 - INFO - Sleeping for 10 seconds...
2025-06-07 13:30:25,955 - INFO - Sleeping for 10 seconds...
2025-06-07 13:30:36,328 - INFO - Sleeping for 10 seconds...
2025-06-07 13:30:46,703 - INFO - Sleeping for 10 seconds...
2025-06-07 13:30:56,487 - INFO - Monitor stopped by user
2025-06-07 20:04:20,359 - INFO - Starting RSS monitor with 3 feeds
2025-06-07 20:04:20,359 - INFO - Keywords: All items
2025-06-07 20:04:20,359 - INFO - Check interval: 10 seconds
2025-06-07 20:04:20,689 - INFO - Sleeping for 10 seconds...
2025-06-07 20:04:32,049 - INFO - Sleeping for 10 seconds...
2025-06-07 20:04:37,167 - INFO - Monitor stopped by user
2025-06-07 20:05:41,007 - INFO - Starting RSS monitor with 3 feeds
2025-06-07 20:05:41,007 - INFO - Keywords: All items
2025-06-07 20:05:41,007 - INFO - Check interval: 10 seconds
2025-06-07 20:05:41,318 - INFO - NEW ITEM in presented_to_president: H.J.Res.87
2025-06-07 20:05:41,318 - INFO - NEW ITEM in presented_to_president: H.J.Res.89
2025-06-07 20:05:41,318 - INFO - NEW ITEM in presented_to_president: H.J.Res.88
2025-06-07 20:05:41,319 - INFO - Found 3 new items this cycle
2025-06-07 20:05:41,319 - INFO - Sleeping for 10 seconds...
2025-06-07 20:05:51,698 - INFO - Sleeping for 10 seconds...
2025-06-07 20:06:02,037 - INFO - Sleeping for 10 seconds...
2025-06-07 20:06:06,948 - INFO - Monitor stopped by user
2025-06-07 22:09:44,945 - INFO - Starting RSS monitor with 3 feeds
2025-06-07 22:09:44,945 - INFO - Keywords: All items
2025-06-07 22:09:44,945 - INFO - Check interval: 10 seconds
2025-06-07 22:09:45,308 - INFO - Sleeping for 10 seconds...
2025-06-07 22:09:55,678 - INFO - Sleeping for 10 seconds...
2025-06-07 22:09:58,675 - INFO - Monitor stopped by user
2025-06-08 20:59:16,601 - INFO - Starting RSS monitor with 3 feeds
2025-06-08 20:59:16,602 - INFO - Keywords: All items
2025-06-08 20:59:16,602 - INFO - Check interval: 10 seconds
2025-06-08 20:59:16,962 - INFO - Sleeping for 10 seconds...
2025-06-08 20:59:27,367 - INFO - Sleeping for 10 seconds...
2025-06-08 20:59:37,712 - INFO - Monitor stopped by user
2025-06-08 20:59:54,804 - ERROR - Error loading seen items: Expecting value: line 1 column 1 (char 0)
2025-06-08 20:59:54,804 - INFO - Starting RSS monitor with 3 feeds
2025-06-08 20:59:54,804 - INFO - Keywords: All items
2025-06-08 20:59:54,804 - INFO - Check interval: 10 seconds
2025-06-08 20:59:55,178 - INFO - NEW ITEM in presented_to_president: H.J.Res.87
2025-06-08 20:59:55,179 - INFO - NEW ITEM in presented_to_president: H.J.Res.89
2025-06-08 20:59:55,179 - INFO - NEW ITEM in presented_to_president: H.J.Res.88
2025-06-08 20:59:55,180 - INFO - Found 3 new items this cycle
2025-06-08 20:59:55,180 - INFO - Sleeping for 10 seconds...
2025-06-08 21:00:05,603 - INFO - Sleeping for 10 seconds...
2025-06-08 21:00:15,968 - INFO - Sleeping for 10 seconds...
2025-06-08 21:00:27,237 - INFO - Sleeping for 10 seconds...
2025-06-08 21:00:37,564 - INFO - Sleeping for 10 seconds...
2025-06-08 21:00:44,435 - INFO - Monitor stopped by user
2025-06-09 08:38:32,558 - INFO - Starting RSS monitor with 3 feeds
2025-06-09 08:38:32,558 - INFO - Keywords: All items
2025-06-09 08:38:32,558 - INFO - Check interval: 10 seconds
2025-06-09 08:38:33,223 - INFO - Sleeping for 10 seconds...
2025-06-09 08:38:43,624 - INFO - Sleeping for 10 seconds...
2025-06-09 08:38:53,946 - INFO - Sleeping for 10 seconds...
2025-06-09 08:38:56,489 - INFO - Monitor stopped by user
2025-06-10 07:56:12,215 - INFO - Starting RSS monitor with 3 feeds
2025-06-10 07:56:12,216 - INFO - Keywords: All items
2025-06-10 07:56:12,216 - INFO - Check interval: 10 seconds
2025-06-10 07:56:12,512 - INFO - Sleeping for 10 seconds...
2025-06-10 07:56:22,847 - INFO - Sleeping for 10 seconds...
2025-06-10 07:56:32,282 - INFO - Monitor stopped by user
2025-06-27 16:44:44,486 - INFO - Starting RSS monitor with 3 feeds
2025-06-27 16:44:44,487 - INFO - Keywords: All items
2025-06-27 16:44:44,487 - INFO - Check interval: 10 seconds
2025-06-27 16:44:44,935 - INFO - NEW ITEM in house_bills: H.Res.516
2025-06-27 16:44:45,229 - INFO - Found 1 new items this cycle
2025-06-27 16:44:45,229 - INFO - Sleeping for 10 seconds...
2025-06-27 16:44:55,607 - INFO - Sleeping for 10 seconds...
2025-06-27 16:45:04,222 - INFO - Monitor stopped by user
2025-06-28 15:16:40,291 - INFO - Starting RSS monitor with 3 feeds
2025-06-28 15:16:40,292 - INFO - Keywords: All items
2025-06-28 15:16:40,292 - INFO - Check interval: 10 seconds
2025-06-28 15:16:40,594 - INFO - Sleeping for 10 seconds...
2025-06-28 15:16:50,892 - INFO - Sleeping for 10 seconds...
2025-06-28 15:17:01,214 - INFO - Sleeping for 10 seconds...
2025-06-28 15:17:05,427 - INFO - Monitor stopped by user
